/tmp/test/PoppoOVO,初音ミク,重音テト - 巧克力爱意Chocolate（Feat.初音ミク,重音テト）
